src/funcionalidades/evasao/index.ts(2,27): error TS2307: Cannot find module './hooks/useEvasao' or its corresponding type declarations.
src/funcionalidades/logs/componentes/Logs.tsx(4,10): error TS2724: '"@compartilhado/autenticacao/ContextoAutenticacao"' has no exported member named 'useAutenticacao'. Did you mean 'usarAutenticacao'?
src/funcionalidades/responsaveis/index.ts(1,33): error TS2307: Cannot find module './hooks/useAutocadastro' or its corresponding type declarations.
