src/funcionalidades/controle-acesso/servicos/filaOffline.service.ts(24,41): error TS2345: Argument of type '{ id: string; aluno_matricula: string; tipo_movimentacao: "ENTRADA" | "SAIDA"; timestamp: string; }' is not assignable to parameter of type 'Omit<RegistroAcessoLocal, "sincronizado">'.
  Type '{ id: string; aluno_matricula: string; tipo_movimentacao: "ENTRADA" | "SAIDA"; timestamp: string; }' is missing the following properties from type 'Omit<RegistroAcessoLocal, "sincronizado">': escola_id, timestamp_acesso
src/funcionalidades/usuarios/componentes/Usuarios.tsx(66,19): error TS2741: Property 'escola_id' is missing in type '{ email: any; papel: PapelUsuario; ativo: any; pendente: boolean; nome_completo: any; atualizado_em: string; }' but required in type 'UsuarioLocal'.
